HTTP 200
Content-Type: text/html; charset=utf-8
Content-Security-Policy: default-src 'none'; style-src 'unsafe-inline'
X-Content-Type-Options: nosniff
Referrer-Policy: no-referrer
Cache-Control: no-store

<!doctype html>
<html lang="en">
<head>
<meta charset="utf-8">
<title>Review: Fixture section (r1) — cnl-ckc reviewer</title>
<style>
body { margin: 0 auto; max-width: 72rem; padding: 0 1.5rem 4rem; font-family: system-ui, sans-serif; line-height: 1.55; color: #111827; background: #ffffff; }
a { color: #1d4ed8; }
a:focus-visible, summary:focus-visible { outline: 3px solid #1d4ed8; outline-offset: 2px; }
.skip { position: absolute; left: -999px; top: 0; padding: 0.5rem 1rem; background: #ffffff; color: #1d4ed8; }
.skip:focus { left: 0; z-index: 1; }
nav.crumbs { padding: 1rem 0; border-bottom: 1px solid #e5e7eb; }
h1 { font-size: 1.5rem; }
h2 { font-size: 1.25rem; }
h3 { font-size: 1.05rem; }
h1 a.source { font-size: 1rem; font-weight: 400; margin-left: 0.5rem; }
table { border-collapse: collapse; width: 100%; margin: 1rem 0; }
th, td { text-align: left; padding: 0.4rem 0.6rem; border-bottom: 1px solid #e5e7eb; vertical-align: top; }
th { border-bottom: 2px solid #111827; }
table.compact { width: auto; }
table.compact th, table.compact td { padding-right: 2rem; }
.chip { display: inline-block; padding: 0.1rem 0.6rem; border-radius: 999px; font-size: 0.85rem; font-weight: 600; }
.chip-approved { color: #14532d; background: #dcfce7; }
.chip-rejected { color: #7f1d1d; background: #fee2e2; }
.chip-stale { color: #78350f; background: #fef3c7; }
.chip-unreviewed { color: #1f2937; background: #e5e7eb; }
pre { padding: 0.75rem 1rem; border: 1px solid #e5e7eb; white-space: pre-wrap; overflow-x: auto; }
pre, code { font-family: ui-monospace, Menlo, Consolas, monospace; font-size: 0.95rem; }
pre.prose { font-family: Georgia, serif; font-size: 1.05rem; overflow-wrap: anywhere; }
dt { font-weight: 600; margin-top: 0.6rem; }
dd { margin-left: 0; }
summary { cursor: pointer; }
section { margin: 1.5rem 0; }
nav.docnav { padding: 1rem 0; border-top: 1px solid #e5e7eb; }
footer.scope { margin-top: 2rem; padding: 1rem 0; border-top: 1px solid #e5e7eb; font-size: 0.9rem; }
form label { display: block; margin-top: 1rem; font-weight: 600; }
fieldset { border: 0; margin: 1rem 0 0; padding: 0; max-width: 28rem; }
legend { font-weight: 600; padding: 0; }
fieldset label { margin-top: 0.5rem; font-weight: 400; }
input[type="text"], textarea { display: block; box-sizing: border-box; width: 100%; max-width: 28rem; margin-top: 0.3rem; padding: 0.45rem 0.6rem; border: 1px solid #e5e7eb; font-family: inherit; font-size: 1rem; color: #111827; background: #ffffff; }
textarea { min-height: 6rem; }
input.suggested { color: #4b5563; }
input[type="radio"] { accent-color: #111827; }
input[type="text"]:focus-visible, input[type="radio"]:focus-visible, textarea:focus-visible, button:focus-visible { outline: 3px solid #1d4ed8; outline-offset: 2px; }
button { margin-top: 1.25rem; padding: 0.5rem 1.2rem; border: 1px solid #111827; font-family: inherit; font-size: 1rem; font-weight: 600; color: #ffffff; background: #111827; }
@media print {
body { max-width: none; padding: 0; }
nav.crumbs, nav.docnav, .skip, form, .verdict-entry { display: none; }
details::details-content { content-visibility: visible; }
pre { border: none; padding: 0; white-space: pre-wrap; overflow-x: visible; }
a { color: inherit; text-decoration: none; }
.chip { border: 1px solid #111827; background: none; color: inherit; }
}
</style>
</head>
<body>
<a class="skip" href="#main">Skip to content</a>
<nav class="crumbs"><a href="../../../index.html">guidelines</a> / <a href="../index.html">alpha</a> / <a href="../doc/a-10.html">a-10</a> / review</nav>
<main id="main">
<h1>Review: Fixture section (r1)</h1>
<section>
<h2>Decision on record</h2>
<dl>
<dt>Decision</dt><dd>Rejected</dd>
<dt>Reviewer</dt><dd>R"&lt;script&gt;&amp;'漢</dd>
<dt>Date</dt><dd>2026-01-01 00:00:00 UTC</dd>
<dt>Comment</dt><dd>C '&lt;/textarea&gt;&lt;script&gt;&amp;"漢</dd>
</dl>
<p>The reviewer name is recorded as entered and is not verified.</p>
</section>
<section class="verdict-entry">
<h2>Record a decision</h2>
<p>Your decision applies to this document exactly as shown on this page. If the document or its source changes before you submit, the server refuses the decision and records no change.</p>
<form method="post">
<fieldset>
<legend>Decision</legend>
<label><input type="radio" name="verdict" value="approved" required> Approved</label>
<label><input type="radio" name="verdict" value="rejected" required checked> Rejected</label>
</fieldset>
<label for="reviewer">Reviewer name</label>
<input type="text" class="suggested" id="reviewer" name="reviewer" list="reviewer-names" value="stale-reviewer" required>
<datalist id="reviewer-names"><option value="R&quot;&lt;script&gt;&amp;&#x27;漢"></option><option value="stale-reviewer"></option></datalist>
<label for="comment">Comment (optional)</label>
<textarea id="comment" name="comment">C '&lt;/textarea&gt;&lt;script&gt;&amp;"漢</textarea>
<input type="hidden" name="review_sha256" value="734514ff44dbdd920e093ffb8ac8c22c8152183cb0e8d528b342d9ad4e1580a9">
<input type="hidden" name="ledger_sha256" value="087c2bacff92102dc3cc2d9f8db610c2f333e0b011a371e443ea83f9f9d03f05">
<input type="hidden" name="csrf" value="">
<button>Record decision</button>
</form>
</section>
<nav class="docnav"><a href="../doc/a-10.html">Back to the document</a></nav>
</main>
<footer class="scope"><p>This page reports what the loaded guideline documents state. It does not give clinical advice.</p></footer>
</body>
</html>
