drs([A,B,C,D],[-(object(A,adult,countable,na,eq,1),/(1,4)),-(predicate(B,be,named('John'),A),/(1,2)),-(object(C,year,countable,na,eq,70),/(2,4)),-(predicate(D,have,named('John'),C),/(2,2)),=>(drs([E,F,G],[-(object(E,adult,countable,na,eq,1),/(3,2)),-(object(F,year,countable,na,greater,64),/(3,8)),-(predicate(G,have,E,F),/(3,4))]),drs([H],[-(predicate(H,wait,E),/(3,9))])),question(drs([I],[-(predicate(I,wait,named('John')),/(4,3))]))]).
